2017-08-17 23:38:51,907 - root - ERROR - 锟斤拷锟斤拷锟斤拷锟斤拷锟侥硷拷锟斤拷锟斤拷锟节ｏ拷锟斤拷锟斤拷
2017-08-18 10:59:32,432 - root - INFO - 1 评论 成功, 200, {"respData":{"total":6,"memberList":[{"id":37548,"name":"w用户87","phoneNum":"17665344887","cardNo":"17665344887","userId":"871666660254158848","amount":999400,"memberTypeId":118,"memberTypeName":"钻石卡","birth":"2017-08-14","freezeAmount":0,"discount":0,"avatar":"162117","consumeCount":1,"consumeAmount":600,"cumulativeAmount":1000000,"giveAmount":0,"avatarUrl":"http://sdcm103.stonebean.com:8489/s/group00/M00/01/36/oIYBAFljVWeAH7vxAADu4L9GGuw382.png?st=mz_FWmjnrdkeWxgXNkiyiw&e=1505012965"},{"id":217,"name":"林红","phoneNum":"13686810032","cardNo":"1234560","userId":"869803116109762560","amount":1754,"memberTypeId":103,"memberTypeName":"金卡","birth":"2017-08-10","freezeAmount":0,"discount":0,"avatar":null,"consumeCount":12,"consumeAmount":1246,"cumulativeAmount":3000,"giveAmount":0,"avatarUrl":"http://wx.qlogo.cn/mmopen/GQ5n3ZfexC5JnNNx7gBppKvqSRJ8QxU2TqvQfSQaysPqF4qesu542TboAhVA8Eu6iamdbOhpic8C57t0MJVBtQWTl9dnnhJLcV/0"},{"id":200,"name":"w用户73","phoneNum":"18576735273","cardNo":"3848161708360969","userId":"872266851697037312","amount":10930,"memberTypeId":103,"memberTypeName":"金卡","birth":null,"freezeAmount":0,"discount":0,"avatar":"161486","consumeCount":2,"consumeAmount":170,"cumulativeAmount":10100,"giveAmount":1000,"avatarUrl":"http://sdcm103.stonebean.com:8489/s/group00/M00/01/30/oIYBAFk_hWGANUVPAAC65zsxq8Q156.png?st=EtRLq72UVdhT37hOV1YyhA&e=1505013454"},{"id":175,"name":"Lin2","phoneNum":"13049344009","cardNo":"3848161707775109","userId":"700881129107886080","amount":1000000,"memberTypeId":118,"memberTypeName":"钻石卡","birth":"2017-07-27","freezeAmount":0,"discount":0,"avatar":"161400","consumeCount":0,"consumeAmount":0,"cumulativeAmount":1000000,"giveAmount":0,"avatarUrl":"http://sdcm103.stonebean.com:8489/s/group00/M00/01/2F/oIYBAFk5E7eATm1ZAAC3LdB-8h8049.png?st=nGytlh9JI7cVhNIgbienUQ&e=1505013052"},{"id":160,"name":"用户78","phoneNum":"17788888888","cardNo":"3848161707912109","userId":"889319276127719424","amount":37500,"memberTypeId":103,"memberTypeName":"金卡","birth":"2017-07-27","freezeAmount":0,"discount":0,"avatar":"162222","consumeCount":0,"consumeAmount":0,"cumulativeAmount":28700,"giveAmount":8800,"avatarUrl":"http://sdcm103.stonebean.com:8489/s/group00/M00/01/37/oIYBAFl1ZsGAIDtCAADcNAiw-RE921.png?st=SKNGOP1OYZvn7rcANjB5cw&e=1505014125"},{"id":150,"name":"用户666","phoneNum":"13366666666","cardNo":"13366666666","userId":"876683461476225024","amount":8010,"memberTypeId":103,"memberTypeName":"金卡","birth":"2017-07-22","freezeAmount":0,"discount":0,"avatar":null,"consumeCount":1,"consumeAmount":990,"cumulativeAmount":9000,"giveAmount":0,"avatarUrl":null}],"types":[{"id":103,"name":"金卡"},{"id":104,"name":"白金卡"},{"id":118,"name":"钻石卡"}]},"statusCode":200,"pageCount":1,"msg":"成功返回"}
2017-08-18 11:00:14,295 - root - INFO - 1 评论 成功, 200, {"respData":{"total":6,"memberList":[{"id":37548,"name":"w用户87","phoneNum":"17665344887","cardNo":"17665344887","userId":"871666660254158848","amount":999400,"memberTypeId":118,"memberTypeName":"钻石卡","birth":"2017-08-14","freezeAmount":0,"discount":0,"avatar":"162117","consumeCount":1,"consumeAmount":600,"cumulativeAmount":1000000,"giveAmount":0,"avatarUrl":"http://sdcm103.stonebean.com:8489/s/group00/M00/01/36/oIYBAFljVWeAH7vxAADu4L9GGuw382.png?st=mz_FWmjnrdkeWxgXNkiyiw&e=1505012965"},{"id":217,"name":"林红","phoneNum":"13686810032","cardNo":"1234560","userId":"869803116109762560","amount":1754,"memberTypeId":103,"memberTypeName":"金卡","birth":"2017-08-10","freezeAmount":0,"discount":0,"avatar":null,"consumeCount":12,"consumeAmount":1246,"cumulativeAmount":3000,"giveAmount":0,"avatarUrl":"http://wx.qlogo.cn/mmopen/GQ5n3ZfexC5JnNNx7gBppKvqSRJ8QxU2TqvQfSQaysPqF4qesu542TboAhVA8Eu6iamdbOhpic8C57t0MJVBtQWTl9dnnhJLcV/0"},{"id":200,"name":"w用户73","phoneNum":"18576735273","cardNo":"3848161708360969","userId":"872266851697037312","amount":10930,"memberTypeId":103,"memberTypeName":"金卡","birth":null,"freezeAmount":0,"discount":0,"avatar":"161486","consumeCount":2,"consumeAmount":170,"cumulativeAmount":10100,"giveAmount":1000,"avatarUrl":"http://sdcm103.stonebean.com:8489/s/group00/M00/01/30/oIYBAFk_hWGANUVPAAC65zsxq8Q156.png?st=EtRLq72UVdhT37hOV1YyhA&e=1505013454"},{"id":175,"name":"Lin2","phoneNum":"13049344009","cardNo":"3848161707775109","userId":"700881129107886080","amount":1000000,"memberTypeId":118,"memberTypeName":"钻石卡","birth":"2017-07-27","freezeAmount":0,"discount":0,"avatar":"161400","consumeCount":0,"consumeAmount":0,"cumulativeAmount":1000000,"giveAmount":0,"avatarUrl":"http://sdcm103.stonebean.com:8489/s/group00/M00/01/2F/oIYBAFk5E7eATm1ZAAC3LdB-8h8049.png?st=nGytlh9JI7cVhNIgbienUQ&e=1505013052"},{"id":160,"name":"用户78","phoneNum":"17788888888","cardNo":"3848161707912109","userId":"889319276127719424","amount":37500,"memberTypeId":103,"memberTypeName":"金卡","birth":"2017-07-27","freezeAmount":0,"discount":0,"avatar":"162222","consumeCount":0,"consumeAmount":0,"cumulativeAmount":28700,"giveAmount":8800,"avatarUrl":"http://sdcm103.stonebean.com:8489/s/group00/M00/01/37/oIYBAFl1ZsGAIDtCAADcNAiw-RE921.png?st=SKNGOP1OYZvn7rcANjB5cw&e=1505014125"},{"id":150,"name":"用户666","phoneNum":"13366666666","cardNo":"13366666666","userId":"876683461476225024","amount":8010,"memberTypeId":103,"memberTypeName":"金卡","birth":"2017-07-22","freezeAmount":0,"discount":0,"avatar":null,"consumeCount":1,"consumeAmount":990,"cumulativeAmount":9000,"giveAmount":0,"avatarUrl":null}],"types":[{"id":103,"name":"金卡"},{"id":104,"name":"白金卡"},{"id":118,"name":"钻石卡"}]},"statusCode":200,"pageCount":1,"msg":"成功返回"}
2017-08-18 11:39:46,890 - root - ERROR - 1 评论 失败！！！, [ 401 ], b'\xe6\x97\xa0\xe6\x95\x88\xe7\x94\xa8\xe6\x88\xb7'
2017-08-18 11:40:01,043 - root - INFO - 1 评论 成功, 200, {"respData":{"total":6,"memberList":[{"id":37548,"name":"w用户87","phoneNum":"17665344887","cardNo":"17665344887","userId":"871666660254158848","amount":999400,"memberTypeId":118,"memberTypeName":"钻石卡","birth":"2017-08-14","freezeAmount":0,"discount":0,"avatar":"162117","consumeCount":1,"consumeAmount":600,"cumulativeAmount":1000000,"giveAmount":0,"avatarUrl":"http://sdcm103.stonebean.com:8489/s/group00/M00/01/36/oIYBAFljVWeAH7vxAADu4L9GGuw382.png?st=mz_FWmjnrdkeWxgXNkiyiw&e=1505012965"},{"id":217,"name":"林红","phoneNum":"13686810032","cardNo":"1234560","userId":"869803116109762560","amount":1754,"memberTypeId":103,"memberTypeName":"金卡","birth":"2017-08-10","freezeAmount":0,"discount":0,"avatar":null,"consumeCount":12,"consumeAmount":1246,"cumulativeAmount":3000,"giveAmount":0,"avatarUrl":"http://wx.qlogo.cn/mmopen/GQ5n3ZfexC5JnNNx7gBppKvqSRJ8QxU2TqvQfSQaysPqF4qesu542TboAhVA8Eu6iamdbOhpic8C57t0MJVBtQWTl9dnnhJLcV/0"},{"id":200,"name":"w用户73","phoneNum":"18576735273","cardNo":"3848161708360969","userId":"872266851697037312","amount":10930,"memberTypeId":103,"memberTypeName":"金卡","birth":null,"freezeAmount":0,"discount":0,"avatar":"161486","consumeCount":2,"consumeAmount":170,"cumulativeAmount":10100,"giveAmount":1000,"avatarUrl":"http://sdcm103.stonebean.com:8489/s/group00/M00/01/30/oIYBAFk_hWGANUVPAAC65zsxq8Q156.png?st=EtRLq72UVdhT37hOV1YyhA&e=1505013454"},{"id":175,"name":"Lin2","phoneNum":"13049344009","cardNo":"3848161707775109","userId":"700881129107886080","amount":1000000,"memberTypeId":118,"memberTypeName":"钻石卡","birth":"2017-07-27","freezeAmount":0,"discount":0,"avatar":"161400","consumeCount":0,"consumeAmount":0,"cumulativeAmount":1000000,"giveAmount":0,"avatarUrl":"http://sdcm103.stonebean.com:8489/s/group00/M00/01/2F/oIYBAFk5E7eATm1ZAAC3LdB-8h8049.png?st=nGytlh9JI7cVhNIgbienUQ&e=1505013052"},{"id":160,"name":"用户78","phoneNum":"17788888888","cardNo":"3848161707912109","userId":"889319276127719424","amount":37500,"memberTypeId":103,"memberTypeName":"金卡","birth":"2017-07-27","freezeAmount":0,"discount":0,"avatar":"162222","consumeCount":0,"consumeAmount":0,"cumulativeAmount":28700,"giveAmount":8800,"avatarUrl":"http://sdcm103.stonebean.com:8489/s/group00/M00/01/37/oIYBAFl1ZsGAIDtCAADcNAiw-RE921.png?st=SKNGOP1OYZvn7rcANjB5cw&e=1505014125"},{"id":150,"name":"用户666","phoneNum":"13366666666","cardNo":"13366666666","userId":"876683461476225024","amount":8010,"memberTypeId":103,"memberTypeName":"金卡","birth":"2017-07-22","freezeAmount":0,"discount":0,"avatar":null,"consumeCount":1,"consumeAmount":990,"cumulativeAmount":9000,"giveAmount":0,"avatarUrl":null}],"types":[{"id":103,"name":"金卡"},{"id":104,"name":"白金卡"},{"id":118,"name":"钻石卡"}]},"statusCode":200,"pageCount":1,"msg":"成功返回"}
2017-08-18 11:41:31,152 - root - INFO - 1 评论 成功, 200, {"respData":{"total":6,"memberList":[{"id":37548,"name":"w用户87","phoneNum":"17665344887","cardNo":"17665344887","userId":"871666660254158848","amount":999400,"memberTypeId":118,"memberTypeName":"钻石卡","birth":"2017-08-14","freezeAmount":0,"discount":0,"avatar":"162117","consumeCount":1,"consumeAmount":600,"cumulativeAmount":1000000,"giveAmount":0,"avatarUrl":"http://sdcm103.stonebean.com:8489/s/group00/M00/01/36/oIYBAFljVWeAH7vxAADu4L9GGuw382.png?st=mz_FWmjnrdkeWxgXNkiyiw&e=1505012965"},{"id":217,"name":"林红","phoneNum":"13686810032","cardNo":"1234560","userId":"869803116109762560","amount":1754,"memberTypeId":103,"memberTypeName":"金卡","birth":"2017-08-10","freezeAmount":0,"discount":0,"avatar":null,"consumeCount":12,"consumeAmount":1246,"cumulativeAmount":3000,"giveAmount":0,"avatarUrl":"http://wx.qlogo.cn/mmopen/GQ5n3ZfexC5JnNNx7gBppKvqSRJ8QxU2TqvQfSQaysPqF4qesu542TboAhVA8Eu6iamdbOhpic8C57t0MJVBtQWTl9dnnhJLcV/0"},{"id":200,"name":"w用户73","phoneNum":"18576735273","cardNo":"3848161708360969","userId":"872266851697037312","amount":10930,"memberTypeId":103,"memberTypeName":"金卡","birth":null,"freezeAmount":0,"discount":0,"avatar":"161486","consumeCount":2,"consumeAmount":170,"cumulativeAmount":10100,"giveAmount":1000,"avatarUrl":"http://sdcm103.stonebean.com:8489/s/group00/M00/01/30/oIYBAFk_hWGANUVPAAC65zsxq8Q156.png?st=EtRLq72UVdhT37hOV1YyhA&e=1505013454"},{"id":175,"name":"Lin2","phoneNum":"13049344009","cardNo":"3848161707775109","userId":"700881129107886080","amount":1000000,"memberTypeId":118,"memberTypeName":"钻石卡","birth":"2017-07-27","freezeAmount":0,"discount":0,"avatar":"161400","consumeCount":0,"consumeAmount":0,"cumulativeAmount":1000000,"giveAmount":0,"avatarUrl":"http://sdcm103.stonebean.com:8489/s/group00/M00/01/2F/oIYBAFk5E7eATm1ZAAC3LdB-8h8049.png?st=nGytlh9JI7cVhNIgbienUQ&e=1505013052"},{"id":160,"name":"用户78","phoneNum":"17788888888","cardNo":"3848161707912109","userId":"889319276127719424","amount":37500,"memberTypeId":103,"memberTypeName":"金卡","birth":"2017-07-27","freezeAmount":0,"discount":0,"avatar":"162222","consumeCount":0,"consumeAmount":0,"cumulativeAmount":28700,"giveAmount":8800,"avatarUrl":"http://sdcm103.stonebean.com:8489/s/group00/M00/01/37/oIYBAFl1ZsGAIDtCAADcNAiw-RE921.png?st=SKNGOP1OYZvn7rcANjB5cw&e=1505014125"},{"id":150,"name":"用户666","phoneNum":"13366666666","cardNo":"13366666666","userId":"876683461476225024","amount":8010,"memberTypeId":103,"memberTypeName":"金卡","birth":"2017-07-22","freezeAmount":0,"discount":0,"avatar":null,"consumeCount":1,"consumeAmount":990,"cumulativeAmount":9000,"giveAmount":0,"avatarUrl":null}],"types":[{"id":103,"name":"金卡"},{"id":104,"name":"白金卡"},{"id":118,"name":"钻石卡"}]},"statusCode":200,"pageCount":1,"msg":"成功返回"}
2017-08-18 11:41:40,068 - root - INFO - 1 评论 成功, 200, {"respData":{"total":6,"memberList":[{"id":37548,"name":"w用户87","phoneNum":"17665344887","cardNo":"17665344887","userId":"871666660254158848","amount":999400,"memberTypeId":118,"memberTypeName":"钻石卡","birth":"2017-08-14","freezeAmount":0,"discount":0,"avatar":"162117","consumeCount":1,"consumeAmount":600,"cumulativeAmount":1000000,"giveAmount":0,"avatarUrl":"http://sdcm103.stonebean.com:8489/s/group00/M00/01/36/oIYBAFljVWeAH7vxAADu4L9GGuw382.png?st=mz_FWmjnrdkeWxgXNkiyiw&e=1505012965"},{"id":217,"name":"林红","phoneNum":"13686810032","cardNo":"1234560","userId":"869803116109762560","amount":1754,"memberTypeId":103,"memberTypeName":"金卡","birth":"2017-08-10","freezeAmount":0,"discount":0,"avatar":null,"consumeCount":12,"consumeAmount":1246,"cumulativeAmount":3000,"giveAmount":0,"avatarUrl":"http://wx.qlogo.cn/mmopen/GQ5n3ZfexC5JnNNx7gBppKvqSRJ8QxU2TqvQfSQaysPqF4qesu542TboAhVA8Eu6iamdbOhpic8C57t0MJVBtQWTl9dnnhJLcV/0"},{"id":200,"name":"w用户73","phoneNum":"18576735273","cardNo":"3848161708360969","userId":"872266851697037312","amount":10930,"memberTypeId":103,"memberTypeName":"金卡","birth":null,"freezeAmount":0,"discount":0,"avatar":"161486","consumeCount":2,"consumeAmount":170,"cumulativeAmount":10100,"giveAmount":1000,"avatarUrl":"http://sdcm103.stonebean.com:8489/s/group00/M00/01/30/oIYBAFk_hWGANUVPAAC65zsxq8Q156.png?st=EtRLq72UVdhT37hOV1YyhA&e=1505013454"},{"id":175,"name":"Lin2","phoneNum":"13049344009","cardNo":"3848161707775109","userId":"700881129107886080","amount":1000000,"memberTypeId":118,"memberTypeName":"钻石卡","birth":"2017-07-27","freezeAmount":0,"discount":0,"avatar":"161400","consumeCount":0,"consumeAmount":0,"cumulativeAmount":1000000,"giveAmount":0,"avatarUrl":"http://sdcm103.stonebean.com:8489/s/group00/M00/01/2F/oIYBAFk5E7eATm1ZAAC3LdB-8h8049.png?st=nGytlh9JI7cVhNIgbienUQ&e=1505013052"},{"id":160,"name":"用户78","phoneNum":"17788888888","cardNo":"3848161707912109","userId":"889319276127719424","amount":37500,"memberTypeId":103,"memberTypeName":"金卡","birth":"2017-07-27","freezeAmount":0,"discount":0,"avatar":"162222","consumeCount":0,"consumeAmount":0,"cumulativeAmount":28700,"giveAmount":8800,"avatarUrl":"http://sdcm103.stonebean.com:8489/s/group00/M00/01/37/oIYBAFl1ZsGAIDtCAADcNAiw-RE921.png?st=SKNGOP1OYZvn7rcANjB5cw&e=1505014125"},{"id":150,"name":"用户666","phoneNum":"13366666666","cardNo":"13366666666","userId":"876683461476225024","amount":8010,"memberTypeId":103,"memberTypeName":"金卡","birth":"2017-07-22","freezeAmount":0,"discount":0,"avatar":null,"consumeCount":1,"consumeAmount":990,"cumulativeAmount":9000,"giveAmount":0,"avatarUrl":null}],"types":[{"id":103,"name":"金卡"},{"id":104,"name":"白金卡"},{"id":118,"name":"钻石卡"}]},"statusCode":200,"pageCount":1,"msg":"成功返回"}
2017-08-18 11:49:59,956 - root - INFO - 1 评论 成功, 200, {"respData":{"total":6,"memberList":[{"id":37548,"name":"w用户87","phoneNum":"17665344887","cardNo":"17665344887","userId":"871666660254158848","amount":999400,"memberTypeId":118,"memberTypeName":"钻石卡","birth":"2017-08-14","freezeAmount":0,"discount":0,"avatar":"162117","consumeCount":1,"consumeAmount":600,"cumulativeAmount":1000000,"giveAmount":0,"avatarUrl":"http://sdcm103.stonebean.com:8489/s/group00/M00/01/36/oIYBAFljVWeAH7vxAADu4L9GGuw382.png?st=mz_FWmjnrdkeWxgXNkiyiw&e=1505012965"},{"id":217,"name":"林红","phoneNum":"13686810032","cardNo":"1234560","userId":"869803116109762560","amount":1754,"memberTypeId":103,"memberTypeName":"金卡","birth":"2017-08-10","freezeAmount":0,"discount":0,"avatar":null,"consumeCount":12,"consumeAmount":1246,"cumulativeAmount":3000,"giveAmount":0,"avatarUrl":"http://wx.qlogo.cn/mmopen/GQ5n3ZfexC5JnNNx7gBppKvqSRJ8QxU2TqvQfSQaysPqF4qesu542TboAhVA8Eu6iamdbOhpic8C57t0MJVBtQWTl9dnnhJLcV/0"},{"id":200,"name":"w用户73","phoneNum":"18576735273","cardNo":"3848161708360969","userId":"872266851697037312","amount":10930,"memberTypeId":103,"memberTypeName":"金卡","birth":null,"freezeAmount":0,"discount":0,"avatar":"161486","consumeCount":2,"consumeAmount":170,"cumulativeAmount":10100,"giveAmount":1000,"avatarUrl":"http://sdcm103.stonebean.com:8489/s/group00/M00/01/30/oIYBAFk_hWGANUVPAAC65zsxq8Q156.png?st=EtRLq72UVdhT37hOV1YyhA&e=1505013454"},{"id":175,"name":"Lin2","phoneNum":"13049344009","cardNo":"3848161707775109","userId":"700881129107886080","amount":1000000,"memberTypeId":118,"memberTypeName":"钻石卡","birth":"2017-07-27","freezeAmount":0,"discount":0,"avatar":"161400","consumeCount":0,"consumeAmount":0,"cumulativeAmount":1000000,"giveAmount":0,"avatarUrl":"http://sdcm103.stonebean.com:8489/s/group00/M00/01/2F/oIYBAFk5E7eATm1ZAAC3LdB-8h8049.png?st=nGytlh9JI7cVhNIgbienUQ&e=1505013052"},{"id":160,"name":"用户78","phoneNum":"17788888888","cardNo":"3848161707912109","userId":"889319276127719424","amount":37500,"memberTypeId":103,"memberTypeName":"金卡","birth":"2017-07-27","freezeAmount":0,"discount":0,"avatar":"162222","consumeCount":0,"consumeAmount":0,"cumulativeAmount":28700,"giveAmount":8800,"avatarUrl":"http://sdcm103.stonebean.com:8489/s/group00/M00/01/37/oIYBAFl1ZsGAIDtCAADcNAiw-RE921.png?st=SKNGOP1OYZvn7rcANjB5cw&e=1505014125"},{"id":150,"name":"用户666","phoneNum":"13366666666","cardNo":"13366666666","userId":"876683461476225024","amount":8010,"memberTypeId":103,"memberTypeName":"金卡","birth":"2017-07-22","freezeAmount":0,"discount":0,"avatar":null,"consumeCount":1,"consumeAmount":990,"cumulativeAmount":9000,"giveAmount":0,"avatarUrl":null}],"types":[{"id":103,"name":"金卡"},{"id":104,"name":"白金卡"},{"id":118,"name":"钻石卡"}]},"statusCode":200,"pageCount":1,"msg":"成功返回"}
2017-08-18 12:07:24,799 - root - ERROR - 1 评论 失败！！！, [ 401 ], b'\xe6\x97\xa0\xe6\x95\x88\xe7\x94\xa8\xe6\x88\xb7'
2017-08-18 12:08:15,380 - root - INFO - 1 评论 成功, 200, {"respData":{"total":6,"memberList":[{"id":37548,"name":"w用户87","phoneNum":"17665344887","cardNo":"17665344887","userId":"871666660254158848","amount":999400,"memberTypeId":118,"memberTypeName":"钻石卡","birth":"2017-08-14","freezeAmount":0,"discount":0,"avatar":"162117","consumeCount":1,"consumeAmount":600,"cumulativeAmount":1000000,"giveAmount":0,"avatarUrl":"http://sdcm103.stonebean.com:8489/s/group00/M00/01/36/oIYBAFljVWeAH7vxAADu4L9GGuw382.png?st=mz_FWmjnrdkeWxgXNkiyiw&e=1505012965"},{"id":217,"name":"林红","phoneNum":"13686810032","cardNo":"1234560","userId":"869803116109762560","amount":1754,"memberTypeId":103,"memberTypeName":"金卡","birth":"2017-08-10","freezeAmount":0,"discount":0,"avatar":null,"consumeCount":12,"consumeAmount":1246,"cumulativeAmount":3000,"giveAmount":0,"avatarUrl":"http://wx.qlogo.cn/mmopen/GQ5n3ZfexC5JnNNx7gBppKvqSRJ8QxU2TqvQfSQaysPqF4qesu542TboAhVA8Eu6iamdbOhpic8C57t0MJVBtQWTl9dnnhJLcV/0"},{"id":200,"name":"w用户73","phoneNum":"18576735273","cardNo":"3848161708360969","userId":"872266851697037312","amount":10930,"memberTypeId":103,"memberTypeName":"金卡","birth":null,"freezeAmount":0,"discount":0,"avatar":"161486","consumeCount":2,"consumeAmount":170,"cumulativeAmount":10100,"giveAmount":1000,"avatarUrl":"http://sdcm103.stonebean.com:8489/s/group00/M00/01/30/oIYBAFk_hWGANUVPAAC65zsxq8Q156.png?st=EtRLq72UVdhT37hOV1YyhA&e=1505013454"},{"id":175,"name":"Lin2","phoneNum":"13049344009","cardNo":"3848161707775109","userId":"700881129107886080","amount":1000000,"memberTypeId":118,"memberTypeName":"钻石卡","birth":"2017-07-27","freezeAmount":0,"discount":0,"avatar":"161400","consumeCount":0,"consumeAmount":0,"cumulativeAmount":1000000,"giveAmount":0,"avatarUrl":"http://sdcm103.stonebean.com:8489/s/group00/M00/01/2F/oIYBAFk5E7eATm1ZAAC3LdB-8h8049.png?st=nGytlh9JI7cVhNIgbienUQ&e=1505013052"},{"id":160,"name":"用户78","phoneNum":"17788888888","cardNo":"3848161707912109","userId":"889319276127719424","amount":37500,"memberTypeId":103,"memberTypeName":"金卡","birth":"2017-07-27","freezeAmount":0,"discount":0,"avatar":"162222","consumeCount":0,"consumeAmount":0,"cumulativeAmount":28700,"giveAmount":8800,"avatarUrl":"http://sdcm103.stonebean.com:8489/s/group00/M00/01/37/oIYBAFl1ZsGAIDtCAADcNAiw-RE921.png?st=SKNGOP1OYZvn7rcANjB5cw&e=1505014125"},{"id":150,"name":"用户666","phoneNum":"13366666666","cardNo":"13366666666","userId":"876683461476225024","amount":8010,"memberTypeId":103,"memberTypeName":"金卡","birth":"2017-07-22","freezeAmount":0,"discount":0,"avatar":null,"consumeCount":1,"consumeAmount":990,"cumulativeAmount":9000,"giveAmount":0,"avatarUrl":null}],"types":[{"id":103,"name":"金卡"},{"id":104,"name":"白金卡"},{"id":118,"name":"钻石卡"}]},"statusCode":200,"pageCount":1,"msg":"成功返回"}
2017-08-18 12:13:25,551 - root - INFO - 1 评论 成功, 200, {"respData":{"total":6,"memberList":[{"id":37548,"name":"w用户87","phoneNum":"17665344887","cardNo":"17665344887","userId":"871666660254158848","amount":999400,"memberTypeId":118,"memberTypeName":"钻石卡","birth":"2017-08-14","freezeAmount":0,"discount":0,"avatar":"162117","consumeCount":1,"consumeAmount":600,"cumulativeAmount":1000000,"giveAmount":0,"avatarUrl":"http://sdcm103.stonebean.com:8489/s/group00/M00/01/36/oIYBAFljVWeAH7vxAADu4L9GGuw382.png?st=mz_FWmjnrdkeWxgXNkiyiw&e=1505012965"},{"id":217,"name":"林红","phoneNum":"13686810032","cardNo":"1234560","userId":"869803116109762560","amount":1754,"memberTypeId":103,"memberTypeName":"金卡","birth":"2017-08-10","freezeAmount":0,"discount":0,"avatar":null,"consumeCount":12,"consumeAmount":1246,"cumulativeAmount":3000,"giveAmount":0,"avatarUrl":"http://wx.qlogo.cn/mmopen/GQ5n3ZfexC5JnNNx7gBppKvqSRJ8QxU2TqvQfSQaysPqF4qesu542TboAhVA8Eu6iamdbOhpic8C57t0MJVBtQWTl9dnnhJLcV/0"},{"id":200,"name":"w用户73","phoneNum":"18576735273","cardNo":"3848161708360969","userId":"872266851697037312","amount":10930,"memberTypeId":103,"memberTypeName":"金卡","birth":null,"freezeAmount":0,"discount":0,"avatar":"161486","consumeCount":2,"consumeAmount":170,"cumulativeAmount":10100,"giveAmount":1000,"avatarUrl":"http://sdcm103.stonebean.com:8489/s/group00/M00/01/30/oIYBAFk_hWGANUVPAAC65zsxq8Q156.png?st=EtRLq72UVdhT37hOV1YyhA&e=1505013454"},{"id":175,"name":"Lin2","phoneNum":"13049344009","cardNo":"3848161707775109","userId":"700881129107886080","amount":1000000,"memberTypeId":118,"memberTypeName":"钻石卡","birth":"2017-07-27","freezeAmount":0,"discount":0,"avatar":"161400","consumeCount":0,"consumeAmount":0,"cumulativeAmount":1000000,"giveAmount":0,"avatarUrl":"http://sdcm103.stonebean.com:8489/s/group00/M00/01/2F/oIYBAFk5E7eATm1ZAAC3LdB-8h8049.png?st=nGytlh9JI7cVhNIgbienUQ&e=1505013052"},{"id":160,"name":"用户78","phoneNum":"17788888888","cardNo":"3848161707912109","userId":"889319276127719424","amount":37500,"memberTypeId":103,"memberTypeName":"金卡","birth":"2017-07-27","freezeAmount":0,"discount":0,"avatar":"162222","consumeCount":0,"consumeAmount":0,"cumulativeAmount":28700,"giveAmount":8800,"avatarUrl":"http://sdcm103.stonebean.com:8489/s/group00/M00/01/37/oIYBAFl1ZsGAIDtCAADcNAiw-RE921.png?st=SKNGOP1OYZvn7rcANjB5cw&e=1505014125"},{"id":150,"name":"用户666","phoneNum":"13366666666","cardNo":"13366666666","userId":"876683461476225024","amount":8010,"memberTypeId":103,"memberTypeName":"金卡","birth":"2017-07-22","freezeAmount":0,"discount":0,"avatar":null,"consumeCount":1,"consumeAmount":990,"cumulativeAmount":9000,"giveAmount":0,"avatarUrl":null}],"types":[{"id":103,"name":"金卡"},{"id":104,"name":"白金卡"},{"id":118,"name":"钻石卡"}]},"statusCode":200,"pageCount":1,"msg":"成功返回"}
2017-08-18 12:15:07,891 - root - INFO - 1 评论 成功, 200, {"respData":{"total":6,"memberList":[{"id":37548,"name":"w用户87","phoneNum":"17665344887","cardNo":"17665344887","userId":"871666660254158848","amount":999400,"memberTypeId":118,"memberTypeName":"钻石卡","birth":"2017-08-14","freezeAmount":0,"discount":0,"avatar":"162117","consumeCount":1,"consumeAmount":600,"cumulativeAmount":1000000,"giveAmount":0,"avatarUrl":"http://sdcm103.stonebean.com:8489/s/group00/M00/01/36/oIYBAFljVWeAH7vxAADu4L9GGuw382.png?st=mz_FWmjnrdkeWxgXNkiyiw&e=1505012965"},{"id":217,"name":"林红","phoneNum":"13686810032","cardNo":"1234560","userId":"869803116109762560","amount":1754,"memberTypeId":103,"memberTypeName":"金卡","birth":"2017-08-10","freezeAmount":0,"discount":0,"avatar":null,"consumeCount":12,"consumeAmount":1246,"cumulativeAmount":3000,"giveAmount":0,"avatarUrl":"http://wx.qlogo.cn/mmopen/GQ5n3ZfexC5JnNNx7gBppKvqSRJ8QxU2TqvQfSQaysPqF4qesu542TboAhVA8Eu6iamdbOhpic8C57t0MJVBtQWTl9dnnhJLcV/0"},{"id":200,"name":"w用户73","phoneNum":"18576735273","cardNo":"3848161708360969","userId":"872266851697037312","amount":10930,"memberTypeId":103,"memberTypeName":"金卡","birth":null,"freezeAmount":0,"discount":0,"avatar":"161486","consumeCount":2,"consumeAmount":170,"cumulativeAmount":10100,"giveAmount":1000,"avatarUrl":"http://sdcm103.stonebean.com:8489/s/group00/M00/01/30/oIYBAFk_hWGANUVPAAC65zsxq8Q156.png?st=EtRLq72UVdhT37hOV1YyhA&e=1505013454"},{"id":175,"name":"Lin2","phoneNum":"13049344009","cardNo":"3848161707775109","userId":"700881129107886080","amount":1000000,"memberTypeId":118,"memberTypeName":"钻石卡","birth":"2017-07-27","freezeAmount":0,"discount":0,"avatar":"161400","consumeCount":0,"consumeAmount":0,"cumulativeAmount":1000000,"giveAmount":0,"avatarUrl":"http://sdcm103.stonebean.com:8489/s/group00/M00/01/2F/oIYBAFk5E7eATm1ZAAC3LdB-8h8049.png?st=nGytlh9JI7cVhNIgbienUQ&e=1505013052"},{"id":160,"name":"用户78","phoneNum":"17788888888","cardNo":"3848161707912109","userId":"889319276127719424","amount":37500,"memberTypeId":103,"memberTypeName":"金卡","birth":"2017-07-27","freezeAmount":0,"discount":0,"avatar":"162222","consumeCount":0,"consumeAmount":0,"cumulativeAmount":28700,"giveAmount":8800,"avatarUrl":"http://sdcm103.stonebean.com:8489/s/group00/M00/01/37/oIYBAFl1ZsGAIDtCAADcNAiw-RE921.png?st=SKNGOP1OYZvn7rcANjB5cw&e=1505014125"},{"id":150,"name":"用户666","phoneNum":"13366666666","cardNo":"13366666666","userId":"876683461476225024","amount":8010,"memberTypeId":103,"memberTypeName":"金卡","birth":"2017-07-22","freezeAmount":0,"discount":0,"avatar":null,"consumeCount":1,"consumeAmount":990,"cumulativeAmount":9000,"giveAmount":0,"avatarUrl":null}],"types":[{"id":103,"name":"金卡"},{"id":104,"name":"白金卡"},{"id":118,"name":"钻石卡"}]},"statusCode":200,"pageCount":1,"msg":"成功返回"}
2017-08-18 12:15:48,581 - root - INFO - 1 评论 成功, 200, {"respData":{"total":6,"memberList":[{"id":37548,"name":"w用户87","phoneNum":"17665344887","cardNo":"17665344887","userId":"871666660254158848","amount":999400,"memberTypeId":118,"memberTypeName":"钻石卡","birth":"2017-08-14","freezeAmount":0,"discount":0,"avatar":"162117","consumeCount":1,"consumeAmount":600,"cumulativeAmount":1000000,"giveAmount":0,"avatarUrl":"http://sdcm103.stonebean.com:8489/s/group00/M00/01/36/oIYBAFljVWeAH7vxAADu4L9GGuw382.png?st=mz_FWmjnrdkeWxgXNkiyiw&e=1505012965"},{"id":217,"name":"林红","phoneNum":"13686810032","cardNo":"1234560","userId":"869803116109762560","amount":1754,"memberTypeId":103,"memberTypeName":"金卡","birth":"2017-08-10","freezeAmount":0,"discount":0,"avatar":null,"consumeCount":12,"consumeAmount":1246,"cumulativeAmount":3000,"giveAmount":0,"avatarUrl":"http://wx.qlogo.cn/mmopen/GQ5n3ZfexC5JnNNx7gBppKvqSRJ8QxU2TqvQfSQaysPqF4qesu542TboAhVA8Eu6iamdbOhpic8C57t0MJVBtQWTl9dnnhJLcV/0"},{"id":200,"name":"w用户73","phoneNum":"18576735273","cardNo":"3848161708360969","userId":"872266851697037312","amount":10930,"memberTypeId":103,"memberTypeName":"金卡","birth":null,"freezeAmount":0,"discount":0,"avatar":"161486","consumeCount":2,"consumeAmount":170,"cumulativeAmount":10100,"giveAmount":1000,"avatarUrl":"http://sdcm103.stonebean.com:8489/s/group00/M00/01/30/oIYBAFk_hWGANUVPAAC65zsxq8Q156.png?st=EtRLq72UVdhT37hOV1YyhA&e=1505013454"},{"id":175,"name":"Lin2","phoneNum":"13049344009","cardNo":"3848161707775109","userId":"700881129107886080","amount":1000000,"memberTypeId":118,"memberTypeName":"钻石卡","birth":"2017-07-27","freezeAmount":0,"discount":0,"avatar":"161400","consumeCount":0,"consumeAmount":0,"cumulativeAmount":1000000,"giveAmount":0,"avatarUrl":"http://sdcm103.stonebean.com:8489/s/group00/M00/01/2F/oIYBAFk5E7eATm1ZAAC3LdB-8h8049.png?st=nGytlh9JI7cVhNIgbienUQ&e=1505013052"},{"id":160,"name":"用户78","phoneNum":"17788888888","cardNo":"3848161707912109","userId":"889319276127719424","amount":37500,"memberTypeId":103,"memberTypeName":"金卡","birth":"2017-07-27","freezeAmount":0,"discount":0,"avatar":"162222","consumeCount":0,"consumeAmount":0,"cumulativeAmount":28700,"giveAmount":8800,"avatarUrl":"http://sdcm103.stonebean.com:8489/s/group00/M00/01/37/oIYBAFl1ZsGAIDtCAADcNAiw-RE921.png?st=SKNGOP1OYZvn7rcANjB5cw&e=1505014125"},{"id":150,"name":"用户666","phoneNum":"13366666666","cardNo":"13366666666","userId":"876683461476225024","amount":8010,"memberTypeId":103,"memberTypeName":"金卡","birth":"2017-07-22","freezeAmount":0,"discount":0,"avatar":null,"consumeCount":1,"consumeAmount":990,"cumulativeAmount":9000,"giveAmount":0,"avatarUrl":null}],"types":[{"id":103,"name":"金卡"},{"id":104,"name":"白金卡"},{"id":118,"name":"钻石卡"}]},"statusCode":200,"pageCount":1,"msg":"成功返回"}
2017-08-18 14:18:32,552 - root - INFO - 1 评论 成功, 200, {"respData":{"total":6,"memberList":[{"id":37548,"name":"w用户87","phoneNum":"17665344887","cardNo":"17665344887","userId":"871666660254158848","amount":999400,"memberTypeId":118,"memberTypeName":"钻石卡","birth":"2017-08-14","freezeAmount":0,"discount":0,"avatar":"162117","consumeCount":1,"consumeAmount":600,"cumulativeAmount":1000000,"giveAmount":0,"avatarUrl":"http://sdcm103.stonebean.com:8489/s/group00/M00/01/36/oIYBAFljVWeAH7vxAADu4L9GGuw382.png?st=mz_FWmjnrdkeWxgXNkiyiw&e=1505012965"},{"id":217,"name":"林红","phoneNum":"13686810032","cardNo":"1234560","userId":"869803116109762560","amount":1754,"memberTypeId":103,"memberTypeName":"金卡","birth":"2017-08-10","freezeAmount":0,"discount":0,"avatar":null,"consumeCount":12,"consumeAmount":1246,"cumulativeAmount":3000,"giveAmount":0,"avatarUrl":"http://wx.qlogo.cn/mmopen/GQ5n3ZfexC5JnNNx7gBppKvqSRJ8QxU2TqvQfSQaysPqF4qesu542TboAhVA8Eu6iamdbOhpic8C57t0MJVBtQWTl9dnnhJLcV/0"},{"id":200,"name":"w用户73","phoneNum":"18576735273","cardNo":"3848161708360969","userId":"872266851697037312","amount":10930,"memberTypeId":103,"memberTypeName":"金卡","birth":null,"freezeAmount":0,"discount":0,"avatar":"161486","consumeCount":2,"consumeAmount":170,"cumulativeAmount":10100,"giveAmount":1000,"avatarUrl":"http://sdcm103.stonebean.com:8489/s/group00/M00/01/30/oIYBAFk_hWGANUVPAAC65zsxq8Q156.png?st=EtRLq72UVdhT37hOV1YyhA&e=1505013454"},{"id":175,"name":"Lin2","phoneNum":"13049344009","cardNo":"3848161707775109","userId":"700881129107886080","amount":1000000,"memberTypeId":118,"memberTypeName":"钻石卡","birth":"2017-07-27","freezeAmount":0,"discount":0,"avatar":"161400","consumeCount":0,"consumeAmount":0,"cumulativeAmount":1000000,"giveAmount":0,"avatarUrl":"http://sdcm103.stonebean.com:8489/s/group00/M00/01/2F/oIYBAFk5E7eATm1ZAAC3LdB-8h8049.png?st=nGytlh9JI7cVhNIgbienUQ&e=1505013052"},{"id":160,"name":"用户78","phoneNum":"17788888888","cardNo":"3848161707912109","userId":"889319276127719424","amount":37500,"memberTypeId":103,"memberTypeName":"金卡","birth":"2017-07-27","freezeAmount":0,"discount":0,"avatar":"162222","consumeCount":0,"consumeAmount":0,"cumulativeAmount":28700,"giveAmount":8800,"avatarUrl":"http://sdcm103.stonebean.com:8489/s/group00/M00/01/37/oIYBAFl1ZsGAIDtCAADcNAiw-RE921.png?st=SKNGOP1OYZvn7rcANjB5cw&e=1505014125"},{"id":150,"name":"用户666","phoneNum":"13366666666","cardNo":"13366666666","userId":"876683461476225024","amount":8010,"memberTypeId":103,"memberTypeName":"金卡","birth":"2017-07-22","freezeAmount":0,"discount":0,"avatar":null,"consumeCount":1,"consumeAmount":990,"cumulativeAmount":9000,"giveAmount":0,"avatarUrl":null}],"types":[{"id":103,"name":"金卡"},{"id":104,"name":"白金卡"},{"id":118,"name":"钻石卡"}]},"statusCode":200,"pageCount":1,"msg":"成功返回"}
2017-08-18 14:20:32,512 - root - ERROR - 1 评论 失败！！！, [ 401 ], b'\xe6\x97\xa0\xe6\x95\x88\xe7\x94\xa8\xe6\x88\xb7'
2017-08-18 15:03:36,660 - root - ERROR - 1 评论 失败！！！, [ 401 ], b'\xe6\x97\xa0\xe6\x95\x88\xe7\x94\xa8\xe6\x88\xb7'
2017-08-18 15:05:30,902 - root - INFO - 1 评论 成功, 200, {"respData":{"total":6,"memberList":[{"id":37548,"name":"w用户87","phoneNum":"17665344887","cardNo":"17665344887","userId":"871666660254158848","amount":999400,"memberTypeId":118,"memberTypeName":"钻石卡","birth":"2017-08-14","freezeAmount":0,"discount":0,"avatar":"162117","consumeCount":1,"consumeAmount":600,"cumulativeAmount":1000000,"giveAmount":0,"avatarUrl":"http://sdcm103.stonebean.com:8489/s/group00/M00/01/36/oIYBAFljVWeAH7vxAADu4L9GGuw382.png?st=mz_FWmjnrdkeWxgXNkiyiw&e=1505012965"},{"id":217,"name":"林红","phoneNum":"13686810032","cardNo":"1234560","userId":"869803116109762560","amount":1754,"memberTypeId":103,"memberTypeName":"金卡","birth":"2017-08-10","freezeAmount":0,"discount":0,"avatar":null,"consumeCount":12,"consumeAmount":1246,"cumulativeAmount":3000,"giveAmount":0,"avatarUrl":"http://wx.qlogo.cn/mmopen/GQ5n3ZfexC5JnNNx7gBppKvqSRJ8QxU2TqvQfSQaysPqF4qesu542TboAhVA8Eu6iamdbOhpic8C57t0MJVBtQWTl9dnnhJLcV/0"},{"id":200,"name":"w用户73","phoneNum":"18576735273","cardNo":"3848161708360969","userId":"872266851697037312","amount":10930,"memberTypeId":103,"memberTypeName":"金卡","birth":null,"freezeAmount":0,"discount":0,"avatar":"161486","consumeCount":2,"consumeAmount":170,"cumulativeAmount":10100,"giveAmount":1000,"avatarUrl":"http://sdcm103.stonebean.com:8489/s/group00/M00/01/30/oIYBAFk_hWGANUVPAAC65zsxq8Q156.png?st=EtRLq72UVdhT37hOV1YyhA&e=1505013454"},{"id":175,"name":"Lin2","phoneNum":"13049344009","cardNo":"3848161707775109","userId":"700881129107886080","amount":1000000,"memberTypeId":118,"memberTypeName":"钻石卡","birth":"2017-07-27","freezeAmount":0,"discount":0,"avatar":"161400","consumeCount":0,"consumeAmount":0,"cumulativeAmount":1000000,"giveAmount":0,"avatarUrl":"http://sdcm103.stonebean.com:8489/s/group00/M00/01/2F/oIYBAFk5E7eATm1ZAAC3LdB-8h8049.png?st=nGytlh9JI7cVhNIgbienUQ&e=1505013052"},{"id":160,"name":"用户78","phoneNum":"17788888888","cardNo":"3848161707912109","userId":"889319276127719424","amount":37500,"memberTypeId":103,"memberTypeName":"金卡","birth":"2017-07-27","freezeAmount":0,"discount":0,"avatar":"162222","consumeCount":0,"consumeAmount":0,"cumulativeAmount":28700,"giveAmount":8800,"avatarUrl":"http://sdcm103.stonebean.com:8489/s/group00/M00/01/37/oIYBAFl1ZsGAIDtCAADcNAiw-RE921.png?st=SKNGOP1OYZvn7rcANjB5cw&e=1505014125"},{"id":150,"name":"用户666","phoneNum":"13366666666","cardNo":"13366666666","userId":"876683461476225024","amount":8010,"memberTypeId":103,"memberTypeName":"金卡","birth":"2017-07-22","freezeAmount":0,"discount":0,"avatar":null,"consumeCount":1,"consumeAmount":990,"cumulativeAmount":9000,"giveAmount":0,"avatarUrl":null}],"types":[{"id":103,"name":"金卡"},{"id":104,"name":"白金卡"},{"id":118,"name":"钻石卡"}]},"statusCode":200,"pageCount":1,"msg":"成功返回"}
2017-08-18 15:06:24,422 - root - INFO - 1 评论 成功, 200, {"respData":{"total":6,"memberList":[{"id":37548,"name":"w用户87","phoneNum":"17665344887","cardNo":"17665344887","userId":"871666660254158848","amount":999400,"memberTypeId":118,"memberTypeName":"钻石卡","birth":"2017-08-14","freezeAmount":0,"discount":0,"avatar":"162117","consumeCount":1,"consumeAmount":600,"cumulativeAmount":1000000,"giveAmount":0,"avatarUrl":"http://sdcm103.stonebean.com:8489/s/group00/M00/01/36/oIYBAFljVWeAH7vxAADu4L9GGuw382.png?st=mz_FWmjnrdkeWxgXNkiyiw&e=1505012965"},{"id":217,"name":"林红","phoneNum":"13686810032","cardNo":"1234560","userId":"869803116109762560","amount":1754,"memberTypeId":103,"memberTypeName":"金卡","birth":"2017-08-10","freezeAmount":0,"discount":0,"avatar":null,"consumeCount":12,"consumeAmount":1246,"cumulativeAmount":3000,"giveAmount":0,"avatarUrl":"http://wx.qlogo.cn/mmopen/GQ5n3ZfexC5JnNNx7gBppKvqSRJ8QxU2TqvQfSQaysPqF4qesu542TboAhVA8Eu6iamdbOhpic8C57t0MJVBtQWTl9dnnhJLcV/0"},{"id":200,"name":"w用户73","phoneNum":"18576735273","cardNo":"3848161708360969","userId":"872266851697037312","amount":10930,"memberTypeId":103,"memberTypeName":"金卡","birth":null,"freezeAmount":0,"discount":0,"avatar":"161486","consumeCount":2,"consumeAmount":170,"cumulativeAmount":10100,"giveAmount":1000,"avatarUrl":"http://sdcm103.stonebean.com:8489/s/group00/M00/01/30/oIYBAFk_hWGANUVPAAC65zsxq8Q156.png?st=EtRLq72UVdhT37hOV1YyhA&e=1505013454"},{"id":175,"name":"Lin2","phoneNum":"13049344009","cardNo":"3848161707775109","userId":"700881129107886080","amount":1000000,"memberTypeId":118,"memberTypeName":"钻石卡","birth":"2017-07-27","freezeAmount":0,"discount":0,"avatar":"161400","consumeCount":0,"consumeAmount":0,"cumulativeAmount":1000000,"giveAmount":0,"avatarUrl":"http://sdcm103.stonebean.com:8489/s/group00/M00/01/2F/oIYBAFk5E7eATm1ZAAC3LdB-8h8049.png?st=nGytlh9JI7cVhNIgbienUQ&e=1505013052"},{"id":160,"name":"用户78","phoneNum":"17788888888","cardNo":"3848161707912109","userId":"889319276127719424","amount":37500,"memberTypeId":103,"memberTypeName":"金卡","birth":"2017-07-27","freezeAmount":0,"discount":0,"avatar":"162222","consumeCount":0,"consumeAmount":0,"cumulativeAmount":28700,"giveAmount":8800,"avatarUrl":"http://sdcm103.stonebean.com:8489/s/group00/M00/01/37/oIYBAFl1ZsGAIDtCAADcNAiw-RE921.png?st=SKNGOP1OYZvn7rcANjB5cw&e=1505014125"},{"id":150,"name":"用户666","phoneNum":"13366666666","cardNo":"13366666666","userId":"876683461476225024","amount":8010,"memberTypeId":103,"memberTypeName":"金卡","birth":"2017-07-22","freezeAmount":0,"discount":0,"avatar":null,"consumeCount":1,"consumeAmount":990,"cumulativeAmount":9000,"giveAmount":0,"avatarUrl":null}],"types":[{"id":103,"name":"金卡"},{"id":104,"name":"白金卡"},{"id":118,"name":"钻石卡"}]},"statusCode":200,"pageCount":1,"msg":"成功返回"}
2017-08-18 15:15:58,510 - root - INFO - 1 评论 成功, 200, {"respData":{"total":6,"memberList":[{"id":37548,"name":"w用户87","phoneNum":"17665344887","cardNo":"17665344887","userId":"871666660254158848","amount":999400,"memberTypeId":118,"memberTypeName":"钻石卡","birth":"2017-08-14","freezeAmount":0,"discount":0,"avatar":"162117","consumeCount":1,"consumeAmount":600,"cumulativeAmount":1000000,"giveAmount":0,"avatarUrl":"http://sdcm103.stonebean.com:8489/s/group00/M00/01/36/oIYBAFljVWeAH7vxAADu4L9GGuw382.png?st=mz_FWmjnrdkeWxgXNkiyiw&e=1505012965"},{"id":217,"name":"林红","phoneNum":"13686810032","cardNo":"1234560","userId":"869803116109762560","amount":1754,"memberTypeId":103,"memberTypeName":"金卡","birth":"2017-08-10","freezeAmount":0,"discount":0,"avatar":null,"consumeCount":12,"consumeAmount":1246,"cumulativeAmount":3000,"giveAmount":0,"avatarUrl":"http://wx.qlogo.cn/mmopen/GQ5n3ZfexC5JnNNx7gBppKvqSRJ8QxU2TqvQfSQaysPqF4qesu542TboAhVA8Eu6iamdbOhpic8C57t0MJVBtQWTl9dnnhJLcV/0"},{"id":200,"name":"w用户73","phoneNum":"18576735273","cardNo":"3848161708360969","userId":"872266851697037312","amount":10930,"memberTypeId":103,"memberTypeName":"金卡","birth":null,"freezeAmount":0,"discount":0,"avatar":"161486","consumeCount":2,"consumeAmount":170,"cumulativeAmount":10100,"giveAmount":1000,"avatarUrl":"http://sdcm103.stonebean.com:8489/s/group00/M00/01/30/oIYBAFk_hWGANUVPAAC65zsxq8Q156.png?st=EtRLq72UVdhT37hOV1YyhA&e=1505013454"},{"id":175,"name":"Lin2","phoneNum":"13049344009","cardNo":"3848161707775109","userId":"700881129107886080","amount":1000000,"memberTypeId":118,"memberTypeName":"钻石卡","birth":"2017-07-27","freezeAmount":0,"discount":0,"avatar":"161400","consumeCount":0,"consumeAmount":0,"cumulativeAmount":1000000,"giveAmount":0,"avatarUrl":"http://sdcm103.stonebean.com:8489/s/group00/M00/01/2F/oIYBAFk5E7eATm1ZAAC3LdB-8h8049.png?st=nGytlh9JI7cVhNIgbienUQ&e=1505013052"},{"id":160,"name":"用户78","phoneNum":"17788888888","cardNo":"3848161707912109","userId":"889319276127719424","amount":37500,"memberTypeId":103,"memberTypeName":"金卡","birth":"2017-07-27","freezeAmount":0,"discount":0,"avatar":"162222","consumeCount":0,"consumeAmount":0,"cumulativeAmount":28700,"giveAmount":8800,"avatarUrl":"http://sdcm103.stonebean.com:8489/s/group00/M00/01/37/oIYBAFl1ZsGAIDtCAADcNAiw-RE921.png?st=SKNGOP1OYZvn7rcANjB5cw&e=1505014125"},{"id":150,"name":"用户666","phoneNum":"13366666666","cardNo":"13366666666","userId":"876683461476225024","amount":8010,"memberTypeId":103,"memberTypeName":"金卡","birth":"2017-07-22","freezeAmount":0,"discount":0,"avatar":null,"consumeCount":1,"consumeAmount":990,"cumulativeAmount":9000,"giveAmount":0,"avatarUrl":null}],"types":[{"id":103,"name":"金卡"},{"id":104,"name":"白金卡"},{"id":118,"name":"钻石卡"}]},"statusCode":200,"pageCount":1,"msg":"成功返回"}
2017-08-18 15:24:50,032 - root - INFO - 1 评论 成功, 200, {"respData":{"total":6,"memberList":[{"id":37548,"name":"w用户87","phoneNum":"17665344887","cardNo":"17665344887","userId":"871666660254158848","amount":999400,"memberTypeId":118,"memberTypeName":"钻石卡","birth":"2017-08-14","freezeAmount":0,"discount":0,"avatar":"162117","consumeCount":1,"consumeAmount":600,"cumulativeAmount":1000000,"giveAmount":0,"avatarUrl":"http://sdcm103.stonebean.com:8489/s/group00/M00/01/36/oIYBAFljVWeAH7vxAADu4L9GGuw382.png?st=mz_FWmjnrdkeWxgXNkiyiw&e=1505012965"},{"id":217,"name":"林红","phoneNum":"13686810032","cardNo":"1234560","userId":"869803116109762560","amount":1754,"memberTypeId":103,"memberTypeName":"金卡","birth":"2017-08-10","freezeAmount":0,"discount":0,"avatar":null,"consumeCount":12,"consumeAmount":1246,"cumulativeAmount":3000,"giveAmount":0,"avatarUrl":"http://wx.qlogo.cn/mmopen/GQ5n3ZfexC5JnNNx7gBppKvqSRJ8QxU2TqvQfSQaysPqF4qesu542TboAhVA8Eu6iamdbOhpic8C57t0MJVBtQWTl9dnnhJLcV/0"},{"id":200,"name":"w用户73","phoneNum":"18576735273","cardNo":"3848161708360969","userId":"872266851697037312","amount":10930,"memberTypeId":103,"memberTypeName":"金卡","birth":null,"freezeAmount":0,"discount":0,"avatar":"161486","consumeCount":2,"consumeAmount":170,"cumulativeAmount":10100,"giveAmount":1000,"avatarUrl":"http://sdcm103.stonebean.com:8489/s/group00/M00/01/30/oIYBAFk_hWGANUVPAAC65zsxq8Q156.png?st=EtRLq72UVdhT37hOV1YyhA&e=1505013454"},{"id":175,"name":"Lin2","phoneNum":"13049344009","cardNo":"3848161707775109","userId":"700881129107886080","amount":1000000,"memberTypeId":118,"memberTypeName":"钻石卡","birth":"2017-07-27","freezeAmount":0,"discount":0,"avatar":"161400","consumeCount":0,"consumeAmount":0,"cumulativeAmount":1000000,"giveAmount":0,"avatarUrl":"http://sdcm103.stonebean.com:8489/s/group00/M00/01/2F/oIYBAFk5E7eATm1ZAAC3LdB-8h8049.png?st=nGytlh9JI7cVhNIgbienUQ&e=1505013052"},{"id":160,"name":"用户78","phoneNum":"17788888888","cardNo":"3848161707912109","userId":"889319276127719424","amount":37500,"memberTypeId":103,"memberTypeName":"金卡","birth":"2017-07-27","freezeAmount":0,"discount":0,"avatar":"162222","consumeCount":0,"consumeAmount":0,"cumulativeAmount":28700,"giveAmount":8800,"avatarUrl":"http://sdcm103.stonebean.com:8489/s/group00/M00/01/37/oIYBAFl1ZsGAIDtCAADcNAiw-RE921.png?st=SKNGOP1OYZvn7rcANjB5cw&e=1505014125"},{"id":150,"name":"用户666","phoneNum":"13366666666","cardNo":"13366666666","userId":"876683461476225024","amount":8010,"memberTypeId":103,"memberTypeName":"金卡","birth":"2017-07-22","freezeAmount":0,"discount":0,"avatar":null,"consumeCount":1,"consumeAmount":990,"cumulativeAmount":9000,"giveAmount":0,"avatarUrl":null}],"types":[{"id":103,"name":"金卡"},{"id":104,"name":"白金卡"},{"id":118,"name":"钻石卡"}]},"statusCode":200,"pageCount":1,"msg":"成功返回"}
